// Jest Snapshot v1, https://goo.gl/fbAQLP

exports[`Given a ImageList component should render correctly 1`] = `"[object Object]"`;
