// Jest Snapshot v1, https://goo.gl/fbAQLP

exports[`Given a Footer component should render correctly 1`] = `"<footer></footer>"`;
